admin/IPALogs.tsx(2,34): error TS2307: Cannot find module './dummyData' or its corresponding type declarations.
admin/Settings.tsx(276,49): error TS1345: An expression of type 'void' cannot be tested for truthiness.
components/FrequentlyBoughtTogether.tsx(14,13): error TS2339: Property 'toast' does not exist on type '{ success: (msg: string) => void; error: (msg: string) => void; info: (msg: string) => void; }'.
components/FrequentlyBoughtTogether.tsx(33,67): error TS2554: Expected 2-3 arguments, but got 4.
components/FrequentlyBoughtTogether.tsx(34,77): error TS2554: Expected 2-3 arguments, but got 4.
components/profile/ProfileVault.tsx(157,81): error TS2353: Object literal may only specify known properties, and 'quantity' does not exist in type 'Product'.
pages/account/ProfileDashboard.tsx(61,13): error TS2339: Property 'toast' does not exist on type '{ success: (msg: string) => void; error: (msg: string) => void; info: (msg: string) => void; }'.
pages/account/ProfileDashboard.tsx(62,24): error TS2339: Property 'wishlistItems' does not exist on type 'CartContextType'.
pages/account/ProfileDashboard.tsx(62,39): error TS2339: Property 'removeFromWishlist' does not exist on type 'CartContextType'.
pages/CollectionsPage.tsx(9,34): error TS2307: Cannot find module '../admin/dummyData' or its corresponding type declarations.
test_case_sensitivity.ts(2,37): error TS2307: Cannot find module './lib/googleSheets' or its corresponding type declarations.
